Archive member included because of file (symbol)

e:/programy/windows_7/avr_studio_5/extensions/atmel/avrgcc/3.3.1.27/avrtoolchain/bin/../lib/gcc/avr/4.5.1/avr4\libgcc.a(_udivmodqi4.o)
                              main.o (__udivmodqi4)
e:/programy/windows_7/avr_studio_5/extensions/atmel/avrgcc/3.3.1.27/avrtoolchain/bin/../lib/gcc/avr/4.5.1/avr4\libgcc.a(_divmodhi4.o)
                              HD44780.o (__divmodhi4)
e:/programy/windows_7/avr_studio_5/extensions/atmel/avrgcc/3.3.1.27/avrtoolchain/bin/../lib/gcc/avr/4.5.1/avr4\libgcc.a(_exit.o)
                              e:/programy/windows_7/avr_studio_5/extensions/atmel/avrgcc/3.3.1.27/avrtoolchain/bin/../lib/gcc/avr/4.5.1/../../../../avr/lib/avr4/crtm8.o (exit)
e:/programy/windows_7/avr_studio_5/extensions/atmel/avrgcc/3.3.1.27/avrtoolchain/bin/../lib/gcc/avr/4.5.1/avr4\libgcc.a(_copy_data.o)
                              main.o (__do_copy_data)
e:/programy/windows_7/avr_studio_5/extensions/atmel/avrgcc/3.3.1.27/avrtoolchain/bin/../lib/gcc/avr/4.5.1/avr4\libgcc.a(_clear_bss.o)
                              main.o (__do_clear_bss)
e:/programy/windows_7/avr_studio_5/extensions/atmel/avrgcc/3.3.1.27/avrtoolchain/bin/../lib/gcc/avr/4.5.1/avr4\libgcc.a(_udivmodhi4.o)
                              e:/programy/windows_7/avr_studio_5/extensions/atmel/avrgcc/3.3.1.27/avrtoolchain/bin/../lib/gcc/avr/4.5.1/avr4\libgcc.a(_divmodhi4.o) (__udivmodhi4)

Allocating common symbols
Common symbol       size              file

czas_temp_0_min     0x3               main.o
temp_0              0x6               main.o
czas                0x3               main.o
data                0x5               main.o
czas_temp_1_min     0x3               main.o
temp_1              0x6               main.o

Memory Configuration

Name             Origin             Length             Attributes
text             0x00000000         0x00002000         xr
data             0x00800060         0x0000ffa0         rw !x
eeprom           0x00810000         0x00010000         rw !x
fuse             0x00820000         0x00000400         rw !x
lock             0x00830000         0x00000400         rw !x
signature        0x00840000         0x00000400         rw !x
*default*        0x00000000         0xffffffff

Linker script and memory map

LOAD e:/programy/windows_7/avr_studio_5/extensions/atmel/avrgcc/3.3.1.27/avrtoolchain/bin/../lib/gcc/avr/4.5.1/../../../../avr/lib/avr4/crtm8.o
LOAD main.o
LOAD HD44780.o
LOAD twi.o
LOAD konwersja.o
LOAD DS1721.o
LOAD RTC.o
LOAD timers.o
LOAD e:/programy/windows_7/avr_studio_5/extensions/atmel/avrgcc/3.3.1.27/avrtoolchain/bin/../lib/gcc/avr/4.5.1/avr4\libgcc.a
LOAD e:/programy/windows_7/avr_studio_5/extensions/atmel/avrgcc/3.3.1.27/avrtoolchain/bin/../lib/gcc/avr/4.5.1/../../../../avr/lib/avr4\libc.a
LOAD e:/programy/windows_7/avr_studio_5/extensions/atmel/avrgcc/3.3.1.27/avrtoolchain/bin/../lib/gcc/avr/4.5.1/avr4\libgcc.a

.hash
 *(.hash)

.dynsym
 *(.dynsym)

.dynstr
 *(.dynstr)

.gnu.version
 *(.gnu.version)

.gnu.version_d
 *(.gnu.version_d)

.gnu.version_r
 *(.gnu.version_r)

.rel.init
 *(.rel.init)

.rela.init
 *(.rela.init)

.rel.text
 *(.rel.text)
 *(.rel.text.*)
 *(.rel.gnu.linkonce.t*)

.rela.text
 *(.rela.text)
 *(.rela.text.*)
 *(.rela.gnu.linkonce.t*)

.rel.fini
 *(.rel.fini)

.rela.fini
 *(.rela.fini)

.rel.rodata
 *(.rel.rodata)
 *(.rel.rodata.*)
 *(.rel.gnu.linkonce.r*)

.rela.rodata
 *(.rela.rodata)
 *(.rela.rodata.*)
 *(.rela.gnu.linkonce.r*)

.rel.data
 *(.rel.data)
 *(.rel.data.*)
 *(.rel.gnu.linkonce.d*)

.rela.data
 *(.rela.data)
 *(.rela.data.*)
 *(.rela.gnu.linkonce.d*)

.rel.ctors
 *(.rel.ctors)

.rela.ctors
 *(.rela.ctors)

.rel.dtors
 *(.rel.dtors)

.rela.dtors
 *(.rela.dtors)

.rel.got
 *(.rel.got)

.rela.got
 *(.rela.got)

.rel.bss
 *(.rel.bss)

.rela.bss
 *(.rela.bss)

.rel.plt
 *(.rel.plt)

.rela.plt
 *(.rela.plt)

.text           0x00000000      0xd12
 *(.vectors)
 .vectors       0x00000000       0x26 e:/programy/windows_7/avr_studio_5/extensions/atmel/avrgcc/3.3.1.27/avrtoolchain/bin/../lib/gcc/avr/4.5.1/../../../../avr/lib/avr4/crtm8.o
                0x00000000                __vector_default
                0x00000000                __vectors
 *(.vectors)
 *(.progmem.gcc*)
 *(.progmem*)
                0x00000026                . = ALIGN (0x2)
                0x00000026                __trampolines_start = .
 *(.trampolines)
 .trampolines   0x00000026        0x0 linker stubs
 *(.trampolines*)
                0x00000026                __trampolines_end = .
 *(.jumptables)
 *(.jumptables*)
 *(.lowtext)
 *(.lowtext*)
                0x00000026                __ctors_start = .
 *(.ctors)
                0x00000026                __ctors_end = .
                0x00000026                __dtors_start = .
 *(.dtors)
                0x00000026                __dtors_end = .
 SORT(*)(.ctors)
 SORT(*)(.dtors)
 *(.init0)
 .init0         0x00000026        0x0 e:/programy/windows_7/avr_studio_5/extensions/atmel/avrgcc/3.3.1.27/avrtoolchain/bin/../lib/gcc/avr/4.5.1/../../../../avr/lib/avr4/crtm8.o
                0x00000026                __init
 *(.init0)
 *(.init1)
 *(.init1)
 *(.init2)
 .init2         0x00000026        0xc e:/programy/windows_7/avr_studio_5/extensions/atmel/avrgcc/3.3.1.27/avrtoolchain/bin/../lib/gcc/avr/4.5.1/../../../../avr/lib/avr4/crtm8.o
 *(.init2)
 *(.init3)
 *(.init3)
 *(.init4)
 .init4         0x00000032       0x16 e:/programy/windows_7/avr_studio_5/extensions/atmel/avrgcc/3.3.1.27/avrtoolchain/bin/../lib/gcc/avr/4.5.1/avr4\libgcc.a(_copy_data.o)
                0x00000032                __do_copy_data
 .init4         0x00000048       0x10 e:/programy/windows_7/avr_studio_5/extensions/atmel/avrgcc/3.3.1.27/avrtoolchain/bin/../lib/gcc/avr/4.5.1/avr4\libgcc.a(_clear_bss.o)
                0x00000048                __do_clear_bss
 *(.init4)
 *(.init5)
 *(.init5)
 *(.init6)
 *(.init6)
 *(.init7)
 *(.init7)
 *(.init8)
 *(.init8)
 *(.init9)
 .init9         0x00000058        0x4 e:/programy/windows_7/avr_studio_5/extensions/atmel/avrgcc/3.3.1.27/avrtoolchain/bin/../lib/gcc/avr/4.5.1/../../../../avr/lib/avr4/crtm8.o
 *(.init9)
 *(.text)
 .text          0x0000005c        0x2 e:/programy/windows_7/avr_studio_5/extensions/atmel/avrgcc/3.3.1.27/avrtoolchain/bin/../lib/gcc/avr/4.5.1/../../../../avr/lib/avr4/crtm8.o
                0x0000005c                __vector_1
                0x0000005c                __vector_12
                0x0000005c                __bad_interrupt
                0x0000005c                __vector_6
                0x0000005c                __vector_3
                0x0000005c                __vector_11
                0x0000005c                __vector_13
                0x0000005c                __vector_17
                0x0000005c                __vector_7
                0x0000005c                __vector_5
                0x0000005c                __vector_4
                0x0000005c                __vector_9
                0x0000005c                __vector_2
                0x0000005c                __vector_15
                0x0000005c                __vector_8
                0x0000005c                __vector_14
                0x0000005c                __vector_10
                0x0000005c                __vector_16
                0x0000005c                __vector_18
 .text          0x0000005e      0x676 main.o
                0x0000005e                sw_check
                0x000000c0                ustawianie_czasu
                0x0000011a                ustawienie_daty
                0x00000190                set_time
                0x000002fa                set_date
                0x0000031e                menu
                0x000003b8                temp_min
                0x00000478                temp_max
                0x000004aa                main
 .text          0x000006d4      0x22c HD44780.o
                0x000006d4                _LCD_OutNibble
                0x000006fe                _LCD_InNibble
                0x0000071c                _LCD_Read
                0x00000740                LCD_ReadStatus
                0x00000746                _LCD_Write
                0x00000770                LCD_WriteCommand
                0x00000776                LCD_WriteData
                0x0000077c                LCD_ReadData
                0x00000782                LCD_WriteText
                0x0000079a                LCD_GoTo2
                0x000007ac                LCD_GoTo4
                0x000007c6                LCD_Clear
                0x000007d4                LCD_Home
                0x000007e2                LCD_Initalize
                0x0000084a                itoa
                0x0000089e                LCD_WriteInt
                0x000008c0                LCD_TempB
 .text          0x00000900       0x5c twi.o
                0x00000900                TWI_Start
                0x0000090c                TWI_Stop
                0x00000918                TWI_Write
                0x00000940                TWI_Read
                0x00000956                TWI_Init
 .text          0x0000095c       0x2a konwersja.o
                0x0000095c                IntToBcd
                0x00000972                BcdToInt
 .text          0x00000986      0x1d4 DS1721.o
                0x00000986                sprawdz_temp_min
                0x00000a1c                wysw_temp
                0x00000a74                odczyt_temp
 .text          0x00000b5a      0x13c RTC.o
                0x00000b5a                wysw_dzien_tyg
                0x00000bac                wysw_czas
                0x00000bee                odczyt_daty
                0x00000c56                odczyt_czasu
 .text          0x00000c96       0x12 timers.o
                0x00000c96                Timer1_Init
 .text          0x00000ca8        0x0 e:/programy/windows_7/avr_studio_5/extensions/atmel/avrgcc/3.3.1.27/avrtoolchain/bin/../lib/gcc/avr/4.5.1/avr4\libgcc.a(_udivmodqi4.o)
 .text          0x00000ca8        0x0 e:/programy/windows_7/avr_studio_5/extensions/atmel/avrgcc/3.3.1.27/avrtoolchain/bin/../lib/gcc/avr/4.5.1/avr4\libgcc.a(_divmodhi4.o)
 .text          0x00000ca8        0x0 e:/programy/windows_7/avr_studio_5/extensions/atmel/avrgcc/3.3.1.27/avrtoolchain/bin/../lib/gcc/avr/4.5.1/avr4\libgcc.a(_exit.o)
 .text          0x00000ca8        0x0 e:/programy/windows_7/avr_studio_5/extensions/atmel/avrgcc/3.3.1.27/avrtoolchain/bin/../lib/gcc/avr/4.5.1/avr4\libgcc.a(_copy_data.o)
 .text          0x00000ca8        0x0 e:/programy/windows_7/avr_studio_5/extensions/atmel/avrgcc/3.3.1.27/avrtoolchain/bin/../lib/gcc/avr/4.5.1/avr4\libgcc.a(_clear_bss.o)
 .text          0x00000ca8        0x0 e:/programy/windows_7/avr_studio_5/extensions/atmel/avrgcc/3.3.1.27/avrtoolchain/bin/../lib/gcc/avr/4.5.1/avr4\libgcc.a(_udivmodhi4.o)
                0x00000ca8                . = ALIGN (0x2)
 *(.text.*)
 .text.libgcc   0x00000ca8       0x18 e:/programy/windows_7/avr_studio_5/extensions/atmel/avrgcc/3.3.1.27/avrtoolchain/bin/../lib/gcc/avr/4.5.1/avr4\libgcc.a(_udivmodqi4.o)
                0x00000ca8                __udivmodqi4
 .text.libgcc   0x00000cc0       0x26 e:/programy/windows_7/avr_studio_5/extensions/atmel/avrgcc/3.3.1.27/avrtoolchain/bin/../lib/gcc/avr/4.5.1/avr4\libgcc.a(_divmodhi4.o)
                0x00000cc0                _div
                0x00000cc0                __divmodhi4
 .text.libgcc   0x00000ce6        0x0 e:/programy/windows_7/avr_studio_5/extensions/atmel/avrgcc/3.3.1.27/avrtoolchain/bin/../lib/gcc/avr/4.5.1/avr4\libgcc.a(_exit.o)
 .text.libgcc   0x00000ce6        0x0 e:/programy/windows_7/avr_studio_5/extensions/atmel/avrgcc/3.3.1.27/avrtoolchain/bin/../lib/gcc/avr/4.5.1/avr4\libgcc.a(_copy_data.o)
 .text.libgcc   0x00000ce6        0x0 e:/programy/windows_7/avr_studio_5/extensions/atmel/avrgcc/3.3.1.27/avrtoolchain/bin/../lib/gcc/avr/4.5.1/avr4\libgcc.a(_clear_bss.o)
 .text.libgcc   0x00000ce6       0x28 e:/programy/windows_7/avr_studio_5/extensions/atmel/avrgcc/3.3.1.27/avrtoolchain/bin/../lib/gcc/avr/4.5.1/avr4\libgcc.a(_udivmodhi4.o)
                0x00000ce6                __udivmodhi4
                0x00000d0e                . = ALIGN (0x2)
 *(.fini9)
 .fini9         0x00000d0e        0x0 e:/programy/windows_7/avr_studio_5/extensions/atmel/avrgcc/3.3.1.27/avrtoolchain/bin/../lib/gcc/avr/4.5.1/avr4\libgcc.a(_exit.o)
                0x00000d0e                _exit
                0x00000d0e                exit
 *(.fini9)
 *(.fini8)
 *(.fini8)
 *(.fini7)
 *(.fini7)
 *(.fini6)
 *(.fini6)
 *(.fini5)
 *(.fini5)
 *(.fini4)
 *(.fini4)
 *(.fini3)
 *(.fini3)
 *(.fini2)
 *(.fini2)
 *(.fini1)
 *(.fini1)
 *(.fini0)
 .fini0         0x00000d0e        0x4 e:/programy/windows_7/avr_studio_5/extensions/atmel/avrgcc/3.3.1.27/avrtoolchain/bin/../lib/gcc/avr/4.5.1/avr4\libgcc.a(_exit.o)
 *(.fini0)
                0x00000d12                _etext = .

.data           0x00800060       0xe2 load address 0x00000d12
                0x00800060                PROVIDE (__data_start, .)
 *(.data)
 .data          0x00800060        0x0 e:/programy/windows_7/avr_studio_5/extensions/atmel/avrgcc/3.3.1.27/avrtoolchain/bin/../lib/gcc/avr/4.5.1/../../../../avr/lib/avr4/crtm8.o
 .data          0x00800060       0x68 main.o
                0x008000bc                temp_0_min
                0x008000c2                temp_1_min
 .data          0x008000c8        0x4 HD44780.o
 .data          0x008000cc        0x0 twi.o
 .data          0x008000cc        0x0 konwersja.o
 .data          0x008000cc        0xb DS1721.o
 .data          0x008000d7       0x6a RTC.o
 .data          0x00800141        0x0 timers.o
 .data          0x00800141        0x0 e:/programy/windows_7/avr_studio_5/extensions/atmel/avrgcc/3.3.1.27/avrtoolchain/bin/../lib/gcc/avr/4.5.1/avr4\libgcc.a(_udivmodqi4.o)
 .data          0x00800141        0x0 e:/programy/windows_7/avr_studio_5/extensions/atmel/avrgcc/3.3.1.27/avrtoolchain/bin/../lib/gcc/avr/4.5.1/avr4\libgcc.a(_divmodhi4.o)
 .data          0x00800141        0x0 e:/programy/windows_7/avr_studio_5/extensions/atmel/avrgcc/3.3.1.27/avrtoolchain/bin/../lib/gcc/avr/4.5.1/avr4\libgcc.a(_exit.o)
 .data          0x00800141        0x0 e:/programy/windows_7/avr_studio_5/extensions/atmel/avrgcc/3.3.1.27/avrtoolchain/bin/../lib/gcc/avr/4.5.1/avr4\libgcc.a(_copy_data.o)
 .data          0x00800141        0x0 e:/programy/windows_7/avr_studio_5/extensions/atmel/avrgcc/3.3.1.27/avrtoolchain/bin/../lib/gcc/avr/4.5.1/avr4\libgcc.a(_clear_bss.o)
 .data          0x00800141        0x0 e:/programy/windows_7/avr_studio_5/extensions/atmel/avrgcc/3.3.1.27/avrtoolchain/bin/../lib/gcc/avr/4.5.1/avr4\libgcc.a(_udivmodhi4.o)
 *(.data*)
 *(.rodata)
 *(.rodata*)
 *(.gnu.linkonce.d*)
                0x00800142                . = ALIGN (0x2)
 *fill*         0x00800141        0x1 00
                0x00800142                _edata = .
                0x00800142                PROVIDE (__data_end, .)

.bss            0x00800142       0x31
                0x00800142                PROVIDE (__bss_start, .)
 *(.bss)
 .bss           0x00800142        0x0 e:/programy/windows_7/avr_studio_5/extensions/atmel/avrgcc/3.3.1.27/avrtoolchain/bin/../lib/gcc/avr/4.5.1/../../../../avr/lib/avr4/crtm8.o
 .bss           0x00800142        0x2 main.o
                0x00800142                rok_temp
                0x00800143                czas_temp
 .bss           0x00800144       0x15 HD44780.o
 .bss           0x00800159        0x0 twi.o
 .bss           0x00800159        0x0 konwersja.o
 .bss           0x00800159        0x0 DS1721.o
 .bss           0x00800159        0x0 RTC.o
 .bss           0x00800159        0x0 timers.o
 .bss           0x00800159        0x0 e:/programy/windows_7/avr_studio_5/extensions/atmel/avrgcc/3.3.1.27/avrtoolchain/bin/../lib/gcc/avr/4.5.1/avr4\libgcc.a(_udivmodqi4.o)
 .bss           0x00800159        0x0 e:/programy/windows_7/avr_studio_5/extensions/atmel/avrgcc/3.3.1.27/avrtoolchain/bin/../lib/gcc/avr/4.5.1/avr4\libgcc.a(_divmodhi4.o)
 .bss           0x00800159        0x0 e:/programy/windows_7/avr_studio_5/extensions/atmel/avrgcc/3.3.1.27/avrtoolchain/bin/../lib/gcc/avr/4.5.1/avr4\libgcc.a(_exit.o)
 .bss           0x00800159        0x0 e:/programy/windows_7/avr_studio_5/extensions/atmel/avrgcc/3.3.1.27/avrtoolchain/bin/../lib/gcc/avr/4.5.1/avr4\libgcc.a(_copy_data.o)
 .bss           0x00800159        0x0 e:/programy/windows_7/avr_studio_5/extensions/atmel/avrgcc/3.3.1.27/avrtoolchain/bin/../lib/gcc/avr/4.5.1/avr4\libgcc.a(_clear_bss.o)
 .bss           0x00800159        0x0 e:/programy/windows_7/avr_studio_5/extensions/atmel/avrgcc/3.3.1.27/avrtoolchain/bin/../lib/gcc/avr/4.5.1/avr4\libgcc.a(_udivmodhi4.o)
 *(.bss*)
 *(COMMON)
 COMMON         0x00800159       0x1a main.o
                0x00800159                czas_temp_0_min
                0x0080015c                temp_0
                0x00800162                czas
                0x00800165                data
                0x0080016a                czas_temp_1_min
                0x0080016d                temp_1
                0x00800173                PROVIDE (__bss_end, .)
                0x00000d12                __data_load_start = LOADADDR (.data)
                0x00000df4                __data_load_end = (__data_load_start + SIZEOF (.data))

.noinit         0x00800173        0x0
                0x00800173                PROVIDE (__noinit_start, .)
 *(.noinit*)
                0x00800173                PROVIDE (__noinit_end, .)
                0x00800173                _end = .
                0x00800173                PROVIDE (__heap_start, .)

.eeprom         0x00810000        0x0
 *(.eeprom*)
                0x00810000                __eeprom_end = .

.fuse
 *(.fuse)
 *(.lfuse)
 *(.hfuse)
 *(.efuse)

.lock
 *(.lock*)

.signature
 *(.signature*)

.stab           0x00000000      0x6cc
 *(.stab)
 .stab          0x00000000      0x6cc e:/programy/windows_7/avr_studio_5/extensions/atmel/avrgcc/3.3.1.27/avrtoolchain/bin/../lib/gcc/avr/4.5.1/../../../../avr/lib/avr4/crtm8.o

.stabstr        0x00000000       0x90
 *(.stabstr)
 .stabstr       0x00000000       0x90 e:/programy/windows_7/avr_studio_5/extensions/atmel/avrgcc/3.3.1.27/avrtoolchain/bin/../lib/gcc/avr/4.5.1/../../../../avr/lib/avr4/crtm8.o

.stab.excl
 *(.stab.excl)

.stab.exclstr
 *(.stab.exclstr)

.stab.index
 *(.stab.index)

.stab.indexstr
 *(.stab.indexstr)

.comment
 *(.comment)

.debug
 *(.debug)

.line
 *(.line)

.debug_srcinfo
 *(.debug_srcinfo)

.debug_sfnames
 *(.debug_sfnames)

.debug_aranges  0x00000000       0xe0
 *(.debug_aranges)
 .debug_aranges
                0x00000000       0x20 main.o
 .debug_aranges
                0x00000020       0x20 HD44780.o
 .debug_aranges
                0x00000040       0x20 twi.o
 .debug_aranges
                0x00000060       0x20 konwersja.o
 .debug_aranges
                0x00000080       0x20 DS1721.o
 .debug_aranges
                0x000000a0       0x20 RTC.o
 .debug_aranges
                0x000000c0       0x20 timers.o

.debug_pubnames
                0x00000000      0x375
 *(.debug_pubnames)
 .debug_pubnames
                0x00000000      0x117 main.o
 .debug_pubnames
                0x00000117      0x122 HD44780.o
 .debug_pubnames
                0x00000239       0x55 twi.o
 .debug_pubnames
                0x0000028e       0x2c konwersja.o
 .debug_pubnames
                0x000002ba       0x45 DS1721.o
 .debug_pubnames
                0x000002ff       0x54 RTC.o
 .debug_pubnames
                0x00000353       0x22 timers.o

.debug_info     0x00000000      0xf96
 *(.debug_info)
 .debug_info    0x00000000      0x61f main.o
 .debug_info    0x0000061f      0x4b8 HD44780.o
 .debug_info    0x00000ad7       0xf9 twi.o
 .debug_info    0x00000bd0       0xd8 konwersja.o
 .debug_info    0x00000ca8      0x152 DS1721.o
 .debug_info    0x00000dfa      0x12b RTC.o
 .debug_info    0x00000f25       0x71 timers.o
 *(.gnu.linkonce.wi.*)

.debug_abbrev   0x00000000      0x6a3
 *(.debug_abbrev)
 .debug_abbrev  0x00000000      0x25c main.o
 .debug_abbrev  0x0000025c      0x1b0 HD44780.o
 .debug_abbrev  0x0000040c       0x76 twi.o
 .debug_abbrev  0x00000482       0x94 konwersja.o
 .debug_abbrev  0x00000516       0xad DS1721.o
 .debug_abbrev  0x000005c3       0xa3 RTC.o
 .debug_abbrev  0x00000666       0x3d timers.o

.debug_line     0x00000000     0x14f0
 *(.debug_line)
 .debug_line    0x00000000      0x926 main.o
 .debug_line    0x00000926      0x555 HD44780.o
 .debug_line    0x00000e7b       0xfc twi.o
 .debug_line    0x00000f77       0xbb konwersja.o
 .debug_line    0x00001032      0x216 DS1721.o
 .debug_line    0x00001248      0x229 RTC.o
 .debug_line    0x00001471       0x7f timers.o

.debug_frame    0x00000000      0x300
 *(.debug_frame)
 .debug_frame   0x00000000       0xa0 main.o
 .debug_frame   0x000000a0      0x120 HD44780.o
 .debug_frame   0x000001c0       0x60 twi.o
 .debug_frame   0x00000220       0x30 konwersja.o
 .debug_frame   0x00000250       0x40 DS1721.o
 .debug_frame   0x00000290       0x50 RTC.o
 .debug_frame   0x000002e0       0x20 timers.o

.debug_str      0x00000000      0x451
 *(.debug_str)
 .debug_str     0x00000000      0x1c2 main.o
                                0x21f (size before relaxing)
 .debug_str     0x000001c2      0x15e HD44780.o
                                0x1ff (size before relaxing)
 .debug_str     0x00000320       0x3a twi.o
                                 0xdb (size before relaxing)
 .debug_str     0x0000035a       0x23 konwersja.o
                                 0xc7 (size before relaxing)
 .debug_str     0x0000037d       0x75 DS1721.o
                                0x11a (size before relaxing)
 .debug_str     0x000003f2       0x45 RTC.o
                                 0xf4 (size before relaxing)
 .debug_str     0x00000437       0x1a timers.o
                                 0xb1 (size before relaxing)

.debug_loc      0x00000000      0x957
 *(.debug_loc)
 .debug_loc     0x00000000      0x460 main.o
 .debug_loc     0x00000460      0x282 HD44780.o
 .debug_loc     0x000006e2       0x31 twi.o
 .debug_loc     0x00000713       0x4f konwersja.o
 .debug_loc     0x00000762      0x14c DS1721.o
 .debug_loc     0x000008ae       0xa9 RTC.o

.debug_macinfo
 *(.debug_macinfo)
OUTPUT(LCD.elf elf32-avr)
LOAD linker stubs

.debug_pubtypes
                0x00000000       0x38
 .debug_pubtypes
                0x00000000       0x38 main.o

.debug_ranges   0x00000000       0x48
 .debug_ranges  0x00000000       0x48 HD44780.o
