Archive member included because of file (symbol)

c:/program files/atmel/avr studio 5.1/extensions/atmel/avrgcc/3.3.1.27/avrtoolchain/bin/../lib/gcc/avr/4.5.1/avr4\libgcc.a(_udivmodqi4.o)
                              main.o (__udivmodqi4)
c:/program files/atmel/avr studio 5.1/extensions/atmel/avrgcc/3.3.1.27/avrtoolchain/bin/../lib/gcc/avr/4.5.1/avr4\libgcc.a(_divmodhi4.o)
                              HD44780.o (__divmodhi4)
c:/program files/atmel/avr studio 5.1/extensions/atmel/avrgcc/3.3.1.27/avrtoolchain/bin/../lib/gcc/avr/4.5.1/avr4\libgcc.a(_exit.o)
                              c:/program files/atmel/avr studio 5.1/extensions/atmel/avrgcc/3.3.1.27/avrtoolchain/bin/../lib/gcc/avr/4.5.1/../../../../avr/lib/avr4/crtm8.o (exit)
c:/program files/atmel/avr studio 5.1/extensions/atmel/avrgcc/3.3.1.27/avrtoolchain/bin/../lib/gcc/avr/4.5.1/avr4\libgcc.a(_copy_data.o)
                              main.o (__do_copy_data)
c:/program files/atmel/avr studio 5.1/extensions/atmel/avrgcc/3.3.1.27/avrtoolchain/bin/../lib/gcc/avr/4.5.1/avr4\libgcc.a(_clear_bss.o)
                              main.o (__do_clear_bss)
c:/program files/atmel/avr studio 5.1/extensions/atmel/avrgcc/3.3.1.27/avrtoolchain/bin/../lib/gcc/avr/4.5.1/avr4\libgcc.a(_udivmodhi4.o)
                              c:/program files/atmel/avr studio 5.1/extensions/atmel/avrgcc/3.3.1.27/avrtoolchain/bin/../lib/gcc/avr/4.5.1/avr4\libgcc.a(_divmodhi4.o) (__udivmodhi4)

Allocating common symbols
Common symbol       size              file

czas_temp_0_min     0x3               main.o
temp_0              0x6               main.o
czas                0x3               main.o
data                0x5               main.o
czas_temp_1_min     0x3               main.o
temp_1              0x6               main.o

Memory Configuration

Name             Origin             Length             Attributes
text             0x00000000         0x00002000         xr
data             0x00800060         0x0000ffa0         rw !x
eeprom           0x00810000         0x00010000         rw !x
fuse             0x00820000         0x00000400         rw !x
lock             0x00830000         0x00000400         rw !x
signature        0x00840000         0x00000400         rw !x
*default*        0x00000000         0xffffffff

Linker script and memory map

LOAD c:/program files/atmel/avr studio 5.1/extensions/atmel/avrgcc/3.3.1.27/avrtoolchain/bin/../lib/gcc/avr/4.5.1/../../../../avr/lib/avr4/crtm8.o
LOAD main.o
LOAD HD44780.o
LOAD twi.o
LOAD konwersja.o
LOAD DS1721.o
LOAD RTC.o
LOAD timers.o
LOAD c:/program files/atmel/avr studio 5.1/extensions/atmel/avrgcc/3.3.1.27/avrtoolchain/bin/../lib/gcc/avr/4.5.1/avr4\libgcc.a
LOAD c:/program files/atmel/avr studio 5.1/extensions/atmel/avrgcc/3.3.1.27/avrtoolchain/bin/../lib/gcc/avr/4.5.1/../../../../avr/lib/avr4\libc.a
LOAD c:/program files/atmel/avr studio 5.1/extensions/atmel/avrgcc/3.3.1.27/avrtoolchain/bin/../lib/gcc/avr/4.5.1/avr4\libgcc.a

.hash
 *(.hash)

.dynsym
 *(.dynsym)

.dynstr
 *(.dynstr)

.gnu.version
 *(.gnu.version)

.gnu.version_d
 *(.gnu.version_d)

.gnu.version_r
 *(.gnu.version_r)

.rel.init
 *(.rel.init)

.rela.init
 *(.rela.init)

.rel.text
 *(.rel.text)
 *(.rel.text.*)
 *(.rel.gnu.linkonce.t*)

.rela.text
 *(.rela.text)
 *(.rela.text.*)
 *(.rela.gnu.linkonce.t*)

.rel.fini
 *(.rel.fini)

.rela.fini
 *(.rela.fini)

.rel.rodata
 *(.rel.rodata)
 *(.rel.rodata.*)
 *(.rel.gnu.linkonce.r*)

.rela.rodata
 *(.rela.rodata)
 *(.rela.rodata.*)
 *(.rela.gnu.linkonce.r*)

.rel.data
 *(.rel.data)
 *(.rel.data.*)
 *(.rel.gnu.linkonce.d*)

.rela.data
 *(.rela.data)
 *(.rela.data.*)
 *(.rela.gnu.linkonce.d*)

.rel.ctors
 *(.rel.ctors)

.rela.ctors
 *(.rela.ctors)

.rel.dtors
 *(.rel.dtors)

.rela.dtors
 *(.rela.dtors)

.rel.got
 *(.rel.got)

.rela.got
 *(.rela.got)

.rel.bss
 *(.rel.bss)

.rela.bss
 *(.rela.bss)

.rel.plt
 *(.rel.plt)

.rela.plt
 *(.rela.plt)

.text           0x00000000      0xcbc
 *(.vectors)
 .vectors       0x00000000       0x26 c:/program files/atmel/avr studio 5.1/extensions/atmel/avrgcc/3.3.1.27/avrtoolchain/bin/../lib/gcc/avr/4.5.1/../../../../avr/lib/avr4/crtm8.o
                0x00000000                __vector_default
                0x00000000                __vectors
 *(.vectors)
 *(.progmem.gcc*)
 *(.progmem*)
                0x00000026                . = ALIGN (0x2)
                0x00000026                __trampolines_start = .
 *(.trampolines)
 .trampolines   0x00000026        0x0 linker stubs
 *(.trampolines*)
                0x00000026                __trampolines_end = .
 *(.jumptables)
 *(.jumptables*)
 *(.lowtext)
 *(.lowtext*)
                0x00000026                __ctors_start = .
 *(.ctors)
                0x00000026                __ctors_end = .
                0x00000026                __dtors_start = .
 *(.dtors)
                0x00000026                __dtors_end = .
 SORT(*)(.ctors)
 SORT(*)(.dtors)
 *(.init0)
 .init0         0x00000026        0x0 c:/program files/atmel/avr studio 5.1/extensions/atmel/avrgcc/3.3.1.27/avrtoolchain/bin/../lib/gcc/avr/4.5.1/../../../../avr/lib/avr4/crtm8.o
                0x00000026                __init
 *(.init0)
 *(.init1)
 *(.init1)
 *(.init2)
 .init2         0x00000026        0xc c:/program files/atmel/avr studio 5.1/extensions/atmel/avrgcc/3.3.1.27/avrtoolchain/bin/../lib/gcc/avr/4.5.1/../../../../avr/lib/avr4/crtm8.o
 *(.init2)
 *(.init3)
 *(.init3)
 *(.init4)
 .init4         0x00000032       0x16 c:/program files/atmel/avr studio 5.1/extensions/atmel/avrgcc/3.3.1.27/avrtoolchain/bin/../lib/gcc/avr/4.5.1/avr4\libgcc.a(_copy_data.o)
                0x00000032                __do_copy_data
 .init4         0x00000048       0x10 c:/program files/atmel/avr studio 5.1/extensions/atmel/avrgcc/3.3.1.27/avrtoolchain/bin/../lib/gcc/avr/4.5.1/avr4\libgcc.a(_clear_bss.o)
                0x00000048                __do_clear_bss
 *(.init4)
 *(.init5)
 *(.init5)
 *(.init6)
 *(.init6)
 *(.init7)
 *(.init7)
 *(.init8)
 *(.init8)
 *(.init9)
 .init9         0x00000058        0x4 c:/program files/atmel/avr studio 5.1/extensions/atmel/avrgcc/3.3.1.27/avrtoolchain/bin/../lib/gcc/avr/4.5.1/../../../../avr/lib/avr4/crtm8.o
 *(.init9)
 *(.text)
 .text          0x0000005c        0x2 c:/program files/atmel/avr studio 5.1/extensions/atmel/avrgcc/3.3.1.27/avrtoolchain/bin/../lib/gcc/avr/4.5.1/../../../../avr/lib/avr4/crtm8.o
                0x0000005c                __vector_1
                0x0000005c                __vector_12
                0x0000005c                __bad_interrupt
                0x0000005c                __vector_6
                0x0000005c                __vector_3
                0x0000005c                __vector_11
                0x0000005c                __vector_13
                0x0000005c                __vector_17
                0x0000005c                __vector_7
                0x0000005c                __vector_5
                0x0000005c                __vector_4
                0x0000005c                __vector_9
                0x0000005c                __vector_2
                0x0000005c                __vector_15
                0x0000005c                __vector_8
                0x0000005c                __vector_14
                0x0000005c                __vector_10
                0x0000005c                __vector_16
                0x0000005c                __vector_18
 .text          0x0000005e      0x676 main.o
                0x0000005e                sw_check
                0x000000c0                ustawianie_czasu
                0x0000011a                ustawienie_daty
                0x00000190                set_time
                0x000002fa                set_date
                0x0000031e                menu
                0x000003b8                temp_min
                0x00000478                temp_max
                0x000004aa                main
 .text          0x000006d4      0x222 HD44780.o
                0x000006d4                _LCD_OutNibble
                0x000006fe                _LCD_InNibble
                0x00000712                _LCD_Read
                0x00000736                LCD_ReadStatus
                0x0000073c                _LCD_Write
                0x00000766                LCD_WriteCommand
                0x0000076c                LCD_WriteData
                0x00000772                LCD_ReadData
                0x00000778                LCD_WriteText
                0x0000079e                LCD_GoTo2
                0x000007b0                LCD_GoTo4
                0x000007ca                LCD_Clear
                0x000007dc                LCD_Home
                0x000007ee                LCD_Initalize
                0x00000856                itoa
                0x00000894                LCD_WriteInt
                0x000008b6                LCD_TempB
 .text          0x000008f6       0x5c twi.o
                0x000008f6                TWI_Start
                0x00000902                TWI_Stop
                0x0000090e                TWI_Write
                0x00000936                TWI_Read
                0x0000094c                TWI_Init
 .text          0x00000952       0x22 konwersja.o
                0x00000952                IntToBcd
                0x0000095e                BcdToInt
 .text          0x00000974      0x1da DS1721.o
                0x00000974                odczyt_temp
                0x00000a54                wysw_temp
                0x00000aae                sprawdz_temp_min
 .text          0x00000b4e       0xf2 RTC.o
                0x00000b4e                odczyt_czasu
                0x00000b88                odczyt_daty
                0x00000bea                wysw_dzien_tyg
                0x00000c08                wysw_czas
 .text          0x00000c40       0x12 timers.o
                0x00000c40                Timer1_Init
 .text          0x00000c52        0x0 c:/program files/atmel/avr studio 5.1/extensions/atmel/avrgcc/3.3.1.27/avrtoolchain/bin/../lib/gcc/avr/4.5.1/avr4\libgcc.a(_udivmodqi4.o)
 .text          0x00000c52        0x0 c:/program files/atmel/avr studio 5.1/extensions/atmel/avrgcc/3.3.1.27/avrtoolchain/bin/../lib/gcc/avr/4.5.1/avr4\libgcc.a(_divmodhi4.o)
 .text          0x00000c52        0x0 c:/program files/atmel/avr studio 5.1/extensions/atmel/avrgcc/3.3.1.27/avrtoolchain/bin/../lib/gcc/avr/4.5.1/avr4\libgcc.a(_exit.o)
 .text          0x00000c52        0x0 c:/program files/atmel/avr studio 5.1/extensions/atmel/avrgcc/3.3.1.27/avrtoolchain/bin/../lib/gcc/avr/4.5.1/avr4\libgcc.a(_copy_data.o)
 .text          0x00000c52        0x0 c:/program files/atmel/avr studio 5.1/extensions/atmel/avrgcc/3.3.1.27/avrtoolchain/bin/../lib/gcc/avr/4.5.1/avr4\libgcc.a(_clear_bss.o)
 .text          0x00000c52        0x0 c:/program files/atmel/avr studio 5.1/extensions/atmel/avrgcc/3.3.1.27/avrtoolchain/bin/../lib/gcc/avr/4.5.1/avr4\libgcc.a(_udivmodhi4.o)
                0x00000c52                . = ALIGN (0x2)
 *(.text.*)
 .text.libgcc   0x00000c52       0x18 c:/program files/atmel/avr studio 5.1/extensions/atmel/avrgcc/3.3.1.27/avrtoolchain/bin/../lib/gcc/avr/4.5.1/avr4\libgcc.a(_udivmodqi4.o)
                0x00000c52                __udivmodqi4
 .text.libgcc   0x00000c6a       0x26 c:/program files/atmel/avr studio 5.1/extensions/atmel/avrgcc/3.3.1.27/avrtoolchain/bin/../lib/gcc/avr/4.5.1/avr4\libgcc.a(_divmodhi4.o)
                0x00000c6a                _div
                0x00000c6a                __divmodhi4
 .text.libgcc   0x00000c90        0x0 c:/program files/atmel/avr studio 5.1/extensions/atmel/avrgcc/3.3.1.27/avrtoolchain/bin/../lib/gcc/avr/4.5.1/avr4\libgcc.a(_exit.o)
 .text.libgcc   0x00000c90        0x0 c:/program files/atmel/avr studio 5.1/extensions/atmel/avrgcc/3.3.1.27/avrtoolchain/bin/../lib/gcc/avr/4.5.1/avr4\libgcc.a(_copy_data.o)
 .text.libgcc   0x00000c90        0x0 c:/program files/atmel/avr studio 5.1/extensions/atmel/avrgcc/3.3.1.27/avrtoolchain/bin/../lib/gcc/avr/4.5.1/avr4\libgcc.a(_clear_bss.o)
 .text.libgcc   0x00000c90       0x28 c:/program files/atmel/avr studio 5.1/extensions/atmel/avrgcc/3.3.1.27/avrtoolchain/bin/../lib/gcc/avr/4.5.1/avr4\libgcc.a(_udivmodhi4.o)
                0x00000c90                __udivmodhi4
                0x00000cb8                . = ALIGN (0x2)
 *(.fini9)
 .fini9         0x00000cb8        0x0 c:/program files/atmel/avr studio 5.1/extensions/atmel/avrgcc/3.3.1.27/avrtoolchain/bin/../lib/gcc/avr/4.5.1/avr4\libgcc.a(_exit.o)
                0x00000cb8                _exit
                0x00000cb8                exit
 *(.fini9)
 *(.fini8)
 *(.fini8)
 *(.fini7)
 *(.fini7)
 *(.fini6)
 *(.fini6)
 *(.fini5)
 *(.fini5)
 *(.fini4)
 *(.fini4)
 *(.fini3)
 *(.fini3)
 *(.fini2)
 *(.fini2)
 *(.fini1)
 *(.fini1)
 *(.fini0)
 .fini0         0x00000cb8        0x4 c:/program files/atmel/avr studio 5.1/extensions/atmel/avrgcc/3.3.1.27/avrtoolchain/bin/../lib/gcc/avr/4.5.1/avr4\libgcc.a(_exit.o)
 *(.fini0)
                0x00000cbc                _etext = .

.data           0x00800060       0xf0 load address 0x00000cbc
                0x00800060                PROVIDE (__data_start, .)
 *(.data)
 .data          0x00800060        0x0 c:/program files/atmel/avr studio 5.1/extensions/atmel/avrgcc/3.3.1.27/avrtoolchain/bin/../lib/gcc/avr/4.5.1/../../../../avr/lib/avr4/crtm8.o
 .data          0x00800060       0x68 main.o
                0x008000bc                temp_0_min
                0x008000c2                temp_1_min
 .data          0x008000c8        0x4 HD44780.o
 .data          0x008000cc        0x0 twi.o
 .data          0x008000cc        0x0 konwersja.o
 .data          0x008000cc        0xb DS1721.o
 .data          0x008000d7       0x78 RTC.o
 .data          0x0080014f        0x0 timers.o
 .data          0x0080014f        0x0 c:/program files/atmel/avr studio 5.1/extensions/atmel/avrgcc/3.3.1.27/avrtoolchain/bin/../lib/gcc/avr/4.5.1/avr4\libgcc.a(_udivmodqi4.o)
 .data          0x0080014f        0x0 c:/program files/atmel/avr studio 5.1/extensions/atmel/avrgcc/3.3.1.27/avrtoolchain/bin/../lib/gcc/avr/4.5.1/avr4\libgcc.a(_divmodhi4.o)
 .data          0x0080014f        0x0 c:/program files/atmel/avr studio 5.1/extensions/atmel/avrgcc/3.3.1.27/avrtoolchain/bin/../lib/gcc/avr/4.5.1/avr4\libgcc.a(_exit.o)
 .data          0x0080014f        0x0 c:/program files/atmel/avr studio 5.1/extensions/atmel/avrgcc/3.3.1.27/avrtoolchain/bin/../lib/gcc/avr/4.5.1/avr4\libgcc.a(_copy_data.o)
 .data          0x0080014f        0x0 c:/program files/atmel/avr studio 5.1/extensions/atmel/avrgcc/3.3.1.27/avrtoolchain/bin/../lib/gcc/avr/4.5.1/avr4\libgcc.a(_clear_bss.o)
 .data          0x0080014f        0x0 c:/program files/atmel/avr studio 5.1/extensions/atmel/avrgcc/3.3.1.27/avrtoolchain/bin/../lib/gcc/avr/4.5.1/avr4\libgcc.a(_udivmodhi4.o)
 *(.data*)
 *(.rodata)
 *(.rodata*)
 *(.gnu.linkonce.d*)
                0x00800150                . = ALIGN (0x2)
 *fill*         0x0080014f        0x1 00
                0x00800150                _edata = .
                0x00800150                PROVIDE (__data_end, .)

.bss            0x00800150       0x31
                0x00800150                PROVIDE (__bss_start, .)
 *(.bss)
 .bss           0x00800150        0x0 c:/program files/atmel/avr studio 5.1/extensions/atmel/avrgcc/3.3.1.27/avrtoolchain/bin/../lib/gcc/avr/4.5.1/../../../../avr/lib/avr4/crtm8.o
 .bss           0x00800150        0x2 main.o
                0x00800150                rok_temp
                0x00800151                czas_temp
 .bss           0x00800152       0x15 HD44780.o
 .bss           0x00800167        0x0 twi.o
 .bss           0x00800167        0x0 konwersja.o
 .bss           0x00800167        0x0 DS1721.o
 .bss           0x00800167        0x0 RTC.o
 .bss           0x00800167        0x0 timers.o
 .bss           0x00800167        0x0 c:/program files/atmel/avr studio 5.1/extensions/atmel/avrgcc/3.3.1.27/avrtoolchain/bin/../lib/gcc/avr/4.5.1/avr4\libgcc.a(_udivmodqi4.o)
 .bss           0x00800167        0x0 c:/program files/atmel/avr studio 5.1/extensions/atmel/avrgcc/3.3.1.27/avrtoolchain/bin/../lib/gcc/avr/4.5.1/avr4\libgcc.a(_divmodhi4.o)
 .bss           0x00800167        0x0 c:/program files/atmel/avr studio 5.1/extensions/atmel/avrgcc/3.3.1.27/avrtoolchain/bin/../lib/gcc/avr/4.5.1/avr4\libgcc.a(_exit.o)
 .bss           0x00800167        0x0 c:/program files/atmel/avr studio 5.1/extensions/atmel/avrgcc/3.3.1.27/avrtoolchain/bin/../lib/gcc/avr/4.5.1/avr4\libgcc.a(_copy_data.o)
 .bss           0x00800167        0x0 c:/program files/atmel/avr studio 5.1/extensions/atmel/avrgcc/3.3.1.27/avrtoolchain/bin/../lib/gcc/avr/4.5.1/avr4\libgcc.a(_clear_bss.o)
 .bss           0x00800167        0x0 c:/program files/atmel/avr studio 5.1/extensions/atmel/avrgcc/3.3.1.27/avrtoolchain/bin/../lib/gcc/avr/4.5.1/avr4\libgcc.a(_udivmodhi4.o)
 *(.bss*)
 *(COMMON)
 COMMON         0x00800167       0x1a main.o
                0x00800167                czas_temp_0_min
                0x0080016a                temp_0
                0x00800170                czas
                0x00800173                data
                0x00800178                czas_temp_1_min
                0x0080017b                temp_1
                0x00800181                PROVIDE (__bss_end, .)
                0x00000cbc                __data_load_start = LOADADDR (.data)
                0x00000dac                __data_load_end = (__data_load_start + SIZEOF (.data))

.noinit         0x00800181        0x0
                0x00800181                PROVIDE (__noinit_start, .)
 *(.noinit*)
                0x00800181                PROVIDE (__noinit_end, .)
                0x00800181                _end = .
                0x00800181                PROVIDE (__heap_start, .)

.eeprom         0x00810000        0x0
 *(.eeprom*)
                0x00810000                __eeprom_end = .

.fuse
 *(.fuse)
 *(.lfuse)
 *(.hfuse)
 *(.efuse)

.lock
 *(.lock*)

.signature
 *(.signature*)

.stab           0x00000000      0x6cc
 *(.stab)
 .stab          0x00000000      0x6cc c:/program files/atmel/avr studio 5.1/extensions/atmel/avrgcc/3.3.1.27/avrtoolchain/bin/../lib/gcc/avr/4.5.1/../../../../avr/lib/avr4/crtm8.o

.stabstr        0x00000000       0x90
 *(.stabstr)
 .stabstr       0x00000000       0x90 c:/program files/atmel/avr studio 5.1/extensions/atmel/avrgcc/3.3.1.27/avrtoolchain/bin/../lib/gcc/avr/4.5.1/../../../../avr/lib/avr4/crtm8.o

.stab.excl
 *(.stab.excl)

.stab.exclstr
 *(.stab.exclstr)

.stab.index
 *(.stab.index)

.stab.indexstr
 *(.stab.indexstr)

.comment
 *(.comment)

.debug
 *(.debug)

.line
 *(.line)

.debug_srcinfo
 *(.debug_srcinfo)

.debug_sfnames
 *(.debug_sfnames)

.debug_aranges  0x00000000       0xe0
 *(.debug_aranges)
 .debug_aranges
                0x00000000       0x20 main.o
 .debug_aranges
                0x00000020       0x20 HD44780.o
 .debug_aranges
                0x00000040       0x20 twi.o
 .debug_aranges
                0x00000060       0x20 konwersja.o
 .debug_aranges
                0x00000080       0x20 DS1721.o
 .debug_aranges
                0x000000a0       0x20 RTC.o
 .debug_aranges
                0x000000c0       0x20 timers.o

.debug_pubnames
                0x00000000      0x375
 *(.debug_pubnames)
 .debug_pubnames
                0x00000000      0x117 main.o
 .debug_pubnames
                0x00000117      0x122 HD44780.o
 .debug_pubnames
                0x00000239       0x55 twi.o
 .debug_pubnames
                0x0000028e       0x2c konwersja.o
 .debug_pubnames
                0x000002ba       0x45 DS1721.o
 .debug_pubnames
                0x000002ff       0x54 RTC.o
 .debug_pubnames
                0x00000353       0x22 timers.o

.debug_info     0x00000000     0x1045
 *(.debug_info)
 .debug_info    0x00000000      0x61f main.o
 .debug_info    0x0000061f      0x526 HD44780.o
 .debug_info    0x00000b45      0x109 twi.o
 .debug_info    0x00000c4e       0xdc konwersja.o
 .debug_info    0x00000d2a      0x164 DS1721.o
 .debug_info    0x00000e8e      0x12f RTC.o
 .debug_info    0x00000fbd       0x88 timers.o
 *(.gnu.linkonce.wi.*)

.debug_abbrev   0x00000000      0x6fa
 *(.debug_abbrev)
 .debug_abbrev  0x00000000      0x25c main.o
 .debug_abbrev  0x0000025c      0x1fe HD44780.o
 .debug_abbrev  0x0000045a       0x83 twi.o
 .debug_abbrev  0x000004dd       0x85 konwersja.o
 .debug_abbrev  0x00000562       0xab DS1721.o
 .debug_abbrev  0x0000060d       0xa3 RTC.o
 .debug_abbrev  0x000006b0       0x4a timers.o

.debug_line     0x00000000     0x17ce
 *(.debug_line)
 .debug_line    0x00000000      0x92c main.o
 .debug_line    0x0000092c      0x60b HD44780.o
 .debug_line    0x00000f37      0x195 twi.o
 .debug_line    0x000010cc      0x11b konwersja.o
 .debug_line    0x000011e7      0x282 DS1721.o
 .debug_line    0x00001469      0x255 RTC.o
 .debug_line    0x000016be      0x110 timers.o

.debug_frame    0x00000000      0x300
 *(.debug_frame)
 .debug_frame   0x00000000       0xa0 main.o
 .debug_frame   0x000000a0      0x120 HD44780.o
 .debug_frame   0x000001c0       0x60 twi.o
 .debug_frame   0x00000220       0x30 konwersja.o
 .debug_frame   0x00000250       0x40 DS1721.o
 .debug_frame   0x00000290       0x50 RTC.o
 .debug_frame   0x000002e0       0x20 timers.o

.debug_str      0x00000000      0x406
 *(.debug_str)
 .debug_str     0x00000000      0x1bd main.o
                                0x21a (size before relaxing)
 .debug_str     0x000001bd      0x118 HD44780.o
                                0x233 (size before relaxing)
 .debug_str     0x000002d5       0x3a twi.o
                                 0xf4 (size before relaxing)
 .debug_str     0x0000030f       0x23 konwersja.o
                                 0xd8 (size before relaxing)
 .debug_str     0x00000332       0x75 DS1721.o
                                0x12b (size before relaxing)
 .debug_str     0x000003a7       0x45 RTC.o
                                0x105 (size before relaxing)
 .debug_str     0x000003ec       0x1a timers.o
                                 0xd3 (size before relaxing)

.debug_loc      0x00000000      0x93c
 *(.debug_loc)
 .debug_loc     0x00000000      0x460 main.o
 .debug_loc     0x00000460      0x26d HD44780.o
 .debug_loc     0x000006cd       0x3d twi.o
 .debug_loc     0x0000070a       0x6b konwersja.o
 .debug_loc     0x00000775       0xfc DS1721.o
 .debug_loc     0x00000871       0xcb RTC.o

.debug_macinfo
 *(.debug_macinfo)
OUTPUT(LCD.elf elf32-avr)
LOAD linker stubs

.debug_pubtypes
                0x00000000      0x113
 .debug_pubtypes
                0x00000000       0x38 main.o
 .debug_pubtypes
                0x00000038       0x38 HD44780.o
 .debug_pubtypes
                0x00000070       0x1e twi.o
 .debug_pubtypes
                0x0000008e       0x1e konwersja.o
 .debug_pubtypes
                0x000000ac       0x1e DS1721.o
 .debug_pubtypes
                0x000000ca       0x1e RTC.o
 .debug_pubtypes
                0x000000e8       0x2b timers.o
